// Jest Snapshot v1, https://goo.gl/fbAQLP

exports[`int-errors char-int 1`] = `

Invalid \`prisma.user.update()\` invocation:


Can't reach database server at \`localhost\`:\`3306\`

Please make sure your database server is running at \`localhost\`:\`3306\`.
`;

exports[`int-errors overflow-int 1`] = `

Invalid \`prisma.user.update()\` invocation:


Can't reach database server at \`localhost\`:\`3306\`

Please make sure your database server is running at \`localhost\`:\`3306\`.
`;

exports[`int-errors signed-int 1`] = `

Invalid \`prisma.user.update()\` invocation:


Can't reach database server at \`localhost\`:\`3306\`

Please make sure your database server is running at \`localhost\`:\`3306\`.
`;
